// Vitest Snapshot v1, https://vitest.dev/guide/snapshot.html

exports[`Header > should match the snapshot 1`] = `
<div>
  <header
    class="mx-auto flex w-full max-w-7xl items-center justify-center px-4 pb-5 pt-8 sm:px-6 sm:pb-7 sm:pt-12"
  >
    <div>
      <h1
        class="m-0 bg-gradient-to-r from-white via-slate-300 to-slate-500 bg-clip-text text-3xl font-black tracking-tight text-transparent sm:text-5xl"
      >
        Testing
      </h1>
      <p
        class="mt-2 text-slate-500"
      >
        This is a test description
      </p>
    </div>
  </header>
</div>
`;
